---
source: src/args.rs
expression: rendered
---

  ⣿ sculkr ⣿
  Runtime Configuration

  Config:      no .sculk file found (create one at /home/user/.config/sculkr/.sculk)
  Output:      stdout
  Format:      - [{NAME}]({URL}) - {DESCRIPTION}\n
  Sort:        NAME (A-Z)
  Log level:   warn

┏━ ▓▒░ Modpack ░▒▓ ━━━━━━━━━━━━━━━╾──────────────┈┈┈┈┈┈┈┈┈┈┈┈

  Pack root:   /home/user
  Mods:        no *.pw.toml files found here
  Cache:       /home/user/.packwiz-modlist.cache.json (not written yet)

┏━ ▓▒░ Secrets ░▒▓ ━━━━━━━━━━━━━━━╾──────────────┈┈┈┈┈┈┈┈┈┈┈┈

  CF_API_KEY:  not set (CurseForge mod lookups will fail)
