---
source: src/args.rs
expression: rendered
---

  ⣿ sculkr ⣿
  Runtime Configuration

  Config:      /home/user/.config/sculkr/.sculk
               /home/user/modpack/.sculk
  Output:      modlist.md
  Format:      - [{NAME}]({URL}) - {DESCRIPTION}\n
  Sort:        AUTHORS (Z-A)
  Log level:   info

┏━ ▓▒░ Modpack ░▒▓ ━━━━━━━━━━━━━━━╾──────────────┈┈┈┈┈┈┈┈┈┈┈┈

  Pack root:   /home/user/modpack
  Mods:        47 (32 Modrinth, 15 CurseForge)
  Cache:       /home/user/modpack/.packwiz-modlist.cache.json (38 cached)

┏━ ▓▒░ Secrets ░▒▓ ━━━━━━━━━━━━━━━╾──────────────┈┈┈┈┈┈┈┈┈┈┈┈

  CF_API_KEY:  $2a$...e345 (from /home/user/.config/sculkr/.sculk)
